// Jest Snapshot v1, https://goo.gl/fbAQLP

exports[`Utilities: JavascriptDocs renders only init method 1`] = `
<Fragment>
  <ul
    className="item-list"
  >
    <JavascriptDocElement
      code={
        <CodeTags
          code="dg.test.init()"
          type="secondary"
        />
      }
      description={<React.Fragment />}
    />
  </ul>
</Fragment>
`;
