// Jest Snapshot v1, https://goo.gl/fbAQLP

exports[`Documentation: Dialog Example renders 1`] = `
Array [
  <h2
    id="overview"
  >
    Example
  </h2>,
  <div
    className="showcase-panel"
  >
    <button
      className="btn btn-primary"
      data-dialog-open="demo-dialog"
      type="button"
    >
      

      Open dialog
      

    </button>
    <dialog
      aria-describedby="aria-describe-dia"
      aria-labelledby="aria-label-dia"
      aria-modal="true"
      id="demo-dialog"
      open={false}
    >
      

      <header>
        

        <h4>
          Delete
        </h4>
        

        <button
          aria-label="Close dialog"
          className="dialog-close"
          data-dialog-close={true}
          type="button"
        />
        

      </header>
      

      <div
        className="dialog-body"
      >
        <p>
          You’re about to permanently delete 
          <i>
            German Swashbuckle (456)?
          </i>
        </p>
      </div>
      

      <footer>
        

        <button
          className="btn btn-secondary"
          data-dialog-close={true}
          type="button"
        >
          Cancel
        </button>
        

        <button
          className="btn btn-primary"
          type="button"
        >
          Delete
        </button>
        

      </footer>
      

    </dialog>
  </div>,
  <figure>
    <div
      className="code-view"
    >
      <header
        className="code-view-header"
      >
        HTML
        <button
          aria-describedby="tooltipCopy"
          className="tooltip"
          onClick={[Function]}
        >
          <i
            aria-hidden="true"
            className="at-clipboard small"
          />
          <div
            id="tooltipCopy"
            role="tooltip"
          >
            Copy to clipboard
          </div>
        </button>
      </header>
      <table
        className="code-view-table"
      >
        <tbody>
          <tr>
            <td
              className="code-view-numbers"
            >
              <pre>
                1
                

                2
                

                3
                

                4
                

                5
                

                6
                

                7
                

                8
                

                9
                

                10
                

                11
                

                12
                

                13
                

                14
                

                15
                

                16
                

              </pre>
            </td>
            <td
              className="code-view-code"
            >
              <pre>
                &lt;button class="btn btn-primary" type="button" data-dialog-open="demo-dialog"&gt;
                

                    Open dialog
                

                &lt;/button&gt;
                

                &lt;dialog id="demo-dialog" aria-modal="true" aria-labelledby="aria-label-dia" aria-describedby="aria-describe-dia"&gt;
                

                    &lt;header&gt;
                

                        &lt;h4&gt;Delete&lt;/h4&gt;
                

                        &lt;button type="button" class="dialog-close" aria-label="Close dialog" data-dialog-close="true"&gt;&lt;/button&gt;
                

                    &lt;/header&gt;
                

                    &lt;div class="dialog-body"&gt;
                

                        &lt;p&gt;You’re about to permanently delete &lt;i&gt;German Swashbuckle (456)?&lt;/i&gt;&lt;/p&gt;
                

                    &lt;/div&gt;
                

                    &lt;footer&gt;
                

                        &lt;button class="btn btn-secondary" type="button" data-dialog-close="true"&gt;Cancel&lt;/button&gt;
                

                        &lt;button class="btn btn-primary" type="button"&gt;Delete&lt;/button&gt;
                

                    &lt;/footer&gt;
                

                &lt;/dialog&gt;
                

              </pre>
            </td>
          </tr>
        </tbody>
      </table>
    </div>
  </figure>,
]
`;

exports[`Documentation: Dialog HowItWorks renders 1`] = `
Array [
  <h2
    id="how-it-works"
  >
    How it works
  </h2>,
  <p>
    A dialog remains hidden until it is triggered. Once it is open it overlays the website with a dark background and presents some options, usually confirming or cancelling an action. If you use a dialog it is assumed that you want to "force" the user to make a choice. Therefore the only way to close a dialog is to choose one of the presented actions or, if given, press the
     
    <i
      aria-label="close button"
      className="swepay-icon-close d-inline-flex"
    />
     
    to close the dialog.
  </p>,
  <p>
    Dialog boxes consist of a header, a body and a footer. In these you can put whatever you want, but some basic functionality should be included in all dialogs. The header should contain a short descriptive text for what the dialog-box does. You can include an icon with class
     
    <code
      className="code-tags code-tags-secondary"
    >
      .dialog-close
    </code>
     if you wish to give your user a way to close the dialog box without choosing an option. The dialog body should contain the main content, usually just text confirming an action. In the footer you will find buttons to confirm or cancel the requested action.
  </p>,
  <div
    className="alert alert-warning"
  >
    

    <i
      aria-hidden="true"
      className="swepay-icon-warning-triangle-filled"
    />
    <p>
      <b>
        Initializing dialog buttons:
      </b>
       To make a button open the dialog box you need to include
       
      <code
        className="code-tags code-tags-secondary"
      >
        data-dialog-open="{#your-dialog-id}"
      </code>
       
      as an attribute to that button.
    </p>
    

  </div>,
]
`;

exports[`Documentation: Dialog JavascriptMethods renders 1`] = `
<Fragment>
  <h2
    id="javascript-methods"
  >
    JavaScript methods
  </h2>
  <JavascriptDocs
    close={true}
    componentName="dialog"
    open={true}
  />
</Fragment>
`;

exports[`Documentation: Dialog renders 1`] = `
<DocContainer>
  <p
    className="lead"
  >
    Dialog is meant to be used to show a snippet of text like a confirmation box before you delete something. Use 
    <Link
      to="/components/sheet"
    >
      sheet
    </Link>
     if you wish to receive input from the user or display a large chunk of information.
  </p>
  <HowItWorks />
  <Example />
  <JavascriptMethods />
  <NpmInformation
    componentName="dialog"
  />
</DocContainer>
`;
