// Jest Snapshot v1, https://goo.gl/fbAQLP

exports[`Examples: CustomersDetailedDatePickerGroup renders 1`] = `
<div
  className="row"
>
  <div
    className="col-sm-6"
  >
    <Datepicker
      fulldate={true}
      id="init-value-datepicker-from"
      label="From:"
      prefixType="icon"
      prefixValue="event"
      value="2000-01-01"
    />
  </div>
  <div
    className="col-sm-6"
  >
    <Datepicker
      fulldate={true}
      id="init-value-datepicker-to"
      label="To:"
      prefixType="icon"
      prefixValue="event"
      value="2020-01-01"
    />
  </div>
</div>
`;
