// Jest Snapshot v1, https://goo.gl/fbAQLP

exports[`Core: Iconography IconsText renders 1`] = `
<div
  className="col-lg-10 doc-body"
>
  <p
    className="lead"
  >
    The PayEx DesignGuide includes Google
    '
    s material icons. For a full overview of the available icons please visit 
    <a
      href="https://material.io/tools/icons/"
    >
      this site
    </a>
    .
  </p>
  <MaterialIcons />
  <PaymentIcons />
</div>
`;

exports[`Core: Iconography MaterialIcons renders 1`] = `
<Fragment>
  <h2
    id="material-icons"
  >
    Material Icons
  </h2>
  <p>
    To use an icon, provide the following markup: 
    <PrismCode
      className="language-html"
      component="code"
    >
      &lt;i class="material-icons"&gt;{icon_name}&lt;/i&gt;
    </PrismCode>
    .
  </p>
  <ComponentPreview
    codeFigure={true}
    language="html"
    showCasePanel={true}
  >
    <i
      className="material-icons"
    >
      android
    </i>
    

    <i
      className="material-icons"
    >
      contact_support
    </i>
    

    <i
      className="material-icons"
    >
      face
    </i>
    

    <i
      className="material-icons"
    >
      star
    </i>
    

    <i
      className="material-icons"
    >
      warning
    </i>
    

  </ComponentPreview>
  <h3>
    Sizes
  </h3>
  <p>
    Material icons also come in different sizes, the available ones are 
    <code
      className="token property"
    >
      .tiny
    </code>
    , 
    <code
      className="token property"
    >
      .small
    </code>
    , 
    <code
      className="token property"
    >
      .medium
    </code>
     and 
    <code
      className="token property"
    >
      .large
    </code>
    .
  </p>
  <ComponentPreview
    codeFigure={true}
    language="html"
    showCasePanel={true}
  >
    <i
      className="material-icons tiny"
    >
      android
    </i>
    

    <i
      className="material-icons small"
    >
      android
    </i>
    

    <i
      className="material-icons medium"
    >
      android
    </i>
    

    <i
      className="material-icons large"
    >
      android
    </i>
    

  </ComponentPreview>
</Fragment>
`;

exports[`Core: Iconography PaymentIcons renders 1`] = `
<Fragment>
  <h2
    id="payment-icons"
  >
    Payment Icons
  </h2>
  <p>
    To use an icon, provide the following markup: 
    <PrismCode
      className="language-html"
      component="code"
    >
      &lt;i class="payment-icon {icon_name}"&gt;&lt;/i&gt;
    </PrismCode>
    .
  </p>
  <ComponentPreview
    language="html"
    showCasePanel={true}
  >
    <div
      className="row justify-content-evenly mb-2"
    >
      <PaymentIcon
        name="amex"
        preview={true}
        size="large"
      />
      

      <PaymentIcon
        name="diners"
        preview={true}
        size="large"
      />
      

      <PaymentIcon
        name="mastercard"
        preview={true}
        size="large"
      />
      

      <PaymentIcon
        name="visa"
        preview={true}
        size="large"
      />
    </div>
    <div
      className="row justify-content-evenly"
    >
      <PaymentIcon
        name="mobilepay"
        preview={true}
        size="large"
      />
      

      <PaymentIcon
        name="paypal"
        preview={true}
        size="large"
      />
      

      <PaymentIcon
        name="swish"
        preview={true}
        size="large"
      />
      

      <PaymentIcon
        name="vipps"
        preview={true}
        size="large"
      />
      

    </div>
  </ComponentPreview>
  <ComponentPreview
    codeFigure={true}
    language="html"
  >
    <PaymentIcon
      name="amex"
    />
    

    <PaymentIcon
      name="diners"
    />
    

    <PaymentIcon
      name="mastercard"
    />
    

    <PaymentIcon
      name="visa"
    />
    

    <PaymentIcon
      name="mobilepay"
    />
    

    <PaymentIcon
      name="paypal"
    />
    

    <PaymentIcon
      name="swish"
    />
    

    <PaymentIcon
      name="vipps"
    />
  </ComponentPreview>
  <h3>
    Sizes
  </h3>
  <p>
    Different sizes are available by adding 
    <Property
      value=".small"
    />
    , 
    <Property
      value=".medium"
    />
    , 
    <Property
      value=".large"
    />
     and
    <Property
      value=".huge"
    />
    . If no size is provided 
    <Property
      value=".medium"
    />
     is defaulted.
  </p>
  <ComponentPreview
    language="html"
    showCasePanel={true}
  >
    <div
      className="row justify-content-evenly align-items-center"
    >
      <PaymentIcon
        name="visa"
        previewSize={true}
        size="small"
      />
      

      <PaymentIcon
        name="visa"
        previewSize={true}
        size="medium"
      />
      

      <PaymentIcon
        name="visa"
        previewSize={true}
        size="large"
      />
      

      <PaymentIcon
        name="visa"
        previewSize={true}
        size="huge"
      />
    </div>
  </ComponentPreview>
  <ComponentPreview
    codeFigure={true}
    language="html"
  >
    <PaymentIcon
      name="visa"
      size="small"
    />
    

    <PaymentIcon
      name="visa"
      size="medium"
    />
    

    <PaymentIcon
      name="visa"
      size="large"
    />
    

    <PaymentIcon
      name="visa"
      size="huge"
    />
    

  </ComponentPreview>
  <h3>
    Usage
  </h3>
  <p>
    Typical usage would be in for instance an 
    <Property
      value=".item-list"
    />
    .
  </p>
  <ComponentPreview
    codeFigure={true}
    language="html"
    showCasePanel={true}
  >
    <ul
      className="item-list item-list-striped"
    >
      <li>
        <div
          className="d-flex align-items-center"
        >
          

          <PaymentIcon
            className="mr-2"
            name="visa"
          />
          

          <span>
            4925*********004
          </span>
          

        </div>
        <div
          className="action-list"
        >
          

          <Icon
            icon="more_vert"
          />
          

          <div
            className="action-menu"
          >
            

            <a
              href="#"
              onClick={[Function]}
            >
              <Icon
                icon="bookmark"
              />
              Add bookmark
            </a>
            

            <a
              href="#"
              onClick={[Function]}
            >
              <Icon
                icon="business_center"
              />
              Add client
            </a>
            

            <a
              href="#"
              onClick={[Function]}
            >
              <Icon
                icon="add_circle"
              />
              Add document
            </a>
            

            <a
              href="#"
              onClick={[Function]}
            >
              <Icon
                icon="person_add"
              />
              Add user
            </a>
            

          </div>
        </div>
      </li>
      <li>
        <div
          className="d-flex align-items-center"
        >
          

          <PaymentIcon
            className="mr-2"
            name="mastercard"
          />
          

          <span>
            5792*********138
          </span>
          

          <span
            className="badge badge-blue ml-2"
          >
            new
          </span>
          

        </div>
        

        <a
          href="https://developer.payex.com"
        >
          developer.payex.com
        </a>
        

      </li>
      <li>
        <div
          className="d-flex align-items-center"
        >
          

          <PaymentIcon
            className="mr-2"
            name="amex"
          />
          

          <span>
            3651*********701
          </span>
          

        </div>
        <i
          className="material-icons"
        >
          star
        </i>
        

      </li>
      <li>
        <div
          className="d-flex align-items-center"
        >
          

          <PaymentIcon
            className="mr-2"
            name="visa"
          />
          

          <span>
            4925*********007
          </span>
          

        </div>
        <span
          className="status status-success"
        >
          Active
        </span>
        

        <button
          className="btn btn-danger btn-xs"
          type="button"
        >
          <i
            className="material-icons"
          >
            delete
          </i>
        </button>
        

      </li>
    </ul>
  </ComponentPreview>
</Fragment>
`;

exports[`Core: Iconography renders 1`] = `
<div
  className="doc-container"
>
  <div
    className="row"
  >
    <IconsText />
    <DocToc
      component={[Function]}
    />
  </div>
</div>
`;
