// Jest Snapshot v1, https://goo.gl/fbAQLP

exports[`Core: Iconography Flags renders 1`] = `
<Fragment>
  <h2
    id="flags"
  >
    Flags
  </h2>
  <p>
    To use the flag icons add the classes 
    <Property
      value=".flag-icon"
    />
     and 
    <Property
      value=".flag-icon-xx"
    />
     (where xx is the 
    <a
      href="https://www.iso.org/obp/ui/#search"
    >
      ISO 3166-1-alpha-2 code
    </a>
     of a country) to an empty 
    <PrismCode
      className="language-html"
      component="code"
    >
      &lt;i&gt;
    </PrismCode>
    .
  </p>
  <ComponentPreview
    language="html"
    showCasePanel={true}
  >
    <div
      className="row justify-content-evenly align-items-end"
    >
      <IconPreview
        name="se"
        preview={true}
        type="flag-icon"
      />
      <IconPreview
        name="no"
        preview={true}
        type="flag-icon"
      />
      <IconPreview
        name="dk"
        preview={true}
        type="flag-icon"
      />
      <IconPreview
        name="fi"
        preview={true}
        type="flag-icon"
      />
      <IconPreview
        name="eu"
        preview={true}
        type="flag-icon"
      />
    </div>
  </ComponentPreview>
  <ComponentPreview
    codeFigure={true}
    language="html"
  >
    <i
      className="flag-icon flag-icon-no"
    />
    

    <i
      className="flag-icon flag-icon-sv"
    />
    

    <i
      className="flag-icon flag-icon-dk"
    />
    

    <i
      className="flag-icon flag-icon-fi"
    />
    

    <i
      className="flag-icon flag-icon-eu"
    />
    

  </ComponentPreview>
  <h3>
    Squared
  </h3>
  <p>
    To use a squared version of a flag add the class 
    <Property
      value=".flag-icon-squared"
    />
    .
  </p>
  <ComponentPreview
    language="html"
    showCasePanel={true}
  >
    <div
      className="row justify-content-evenly align-items-end"
    >
      <IconPreview
        name="se"
        preview={true}
        squaredFlag={true}
        type="flag-icon"
      />
      <IconPreview
        name="no"
        preview={true}
        squaredFlag={true}
        type="flag-icon"
      />
      <IconPreview
        name="dk"
        preview={true}
        squaredFlag={true}
        type="flag-icon"
      />
      <IconPreview
        name="fi"
        preview={true}
        squaredFlag={true}
        type="flag-icon"
      />
      <IconPreview
        name="eu"
        preview={true}
        squaredFlag={true}
        type="flag-icon"
      />
    </div>
  </ComponentPreview>
  <ComponentPreview
    codeFigure={true}
    language="html"
  >
    <i
      className="flag-icon flag-icon-squared flag-icon-no"
    />
    

    <i
      className="flag-icon flag-icon-squared flag-icon-sv"
    />
    

    <i
      className="flag-icon flag-icon-squared flag-icon-dk"
    />
    

    <i
      className="flag-icon flag-icon-squared flag-icon-fi"
    />
    

    <i
      className="flag-icon flag-icon-squared flag-icon-eu"
    />
    

  </ComponentPreview>
  <h3>
    Sizes
  </h3>
  <p>
    Flags support sizes 
    <Property
      value=".payment-icon-tiny"
    />
    , 
    <Property
      value=".payment-icon-small"
    />
    , 
    <Property
      value=".payment-icon-medium"
    />
    , 
    <Property
      value=".payment-icon-large"
    />
     and 
    <Property
      value=".payment-icon-huge"
    />
    . If no size is provided 
    <Property
      value=".payment-icon-tiny"
    />
     is defaulted.
  </p>
  <ComponentPreview
    language="html"
    showCasePanel={true}
  >
    <div
      className="row justify-content-evenly align-items-end"
    >
      <IconPreview
        name="se"
        previewSize={true}
        size="tiny"
        type="flag-icon"
      />
      <IconPreview
        name="no"
        previewSize={true}
        size="small"
        type="flag-icon"
      />
      <IconPreview
        name="dk"
        previewSize={true}
        size="medium"
        type="flag-icon"
      />
      <IconPreview
        name="fi"
        previewSize={true}
        size="large"
        type="flag-icon"
      />
      <IconPreview
        name="eu"
        previewSize={true}
        size="huge"
        type="flag-icon"
      />
    </div>
  </ComponentPreview>
  <ComponentPreview
    codeFigure={true}
    language="html"
  >
    <i
      className="flag-icon flag-icon-no flag-icon-tiny"
    />
    

    <i
      className="flag-icon flag-icon-sv flag-icon-small"
    />
    

    <i
      className="flag-icon flag-icon-dk flag-icon-medium"
    />
    

    <i
      className="flag-icon flag-icon-fi flag-icon-large"
    />
    

    <i
      className="flag-icon flag-icon-eu flag-icon-huge"
    />
    

  </ComponentPreview>
  <h3>
    Squared Sizes
  </h3>
  <ComponentPreview
    language="html"
    showCasePanel={true}
  >
    <div
      className="row justify-content-evenly align-items-end"
    >
      <IconPreview
        name="se"
        previewSize={true}
        size="tiny"
        squaredFlag={true}
        type="flag-icon"
      />
      <IconPreview
        name="no"
        previewSize={true}
        size="small"
        squaredFlag={true}
        type="flag-icon"
      />
      <IconPreview
        name="dk"
        previewSize={true}
        size="medium"
        squaredFlag={true}
        type="flag-icon"
      />
      <IconPreview
        name="fi"
        previewSize={true}
        size="large"
        squaredFlag={true}
        type="flag-icon"
      />
      <IconPreview
        name="eu"
        previewSize={true}
        size="huge"
        squaredFlag={true}
        type="flag-icon"
      />
    </div>
  </ComponentPreview>
  <ComponentPreview
    codeFigure={true}
    language="html"
  >
    <i
      className="flag-icon flag-icon-squared flag-icon-no flag-icon-tiny"
    />
    

    <i
      className="flag-icon flag-icon-squared flag-icon-sv flag-icon-small"
    />
    

    <i
      className="flag-icon flag-icon-squared flag-icon-dk flag-icon-medium"
    />
    

    <i
      className="flag-icon flag-icon-squared flag-icon-fi flag-icon-large"
    />
    

    <i
      className="flag-icon flag-icon-squared flag-icon-eu flag-icon-huge"
    />
    

  </ComponentPreview>
</Fragment>
`;

exports[`Core: Iconography MaterialIcons renders 1`] = `
<Fragment>
  <h2
    id="material-icons"
  >
    Material Icons
  </h2>
  <p
    className="lead"
  >
    DesignGuide includes Google
    '
    s material icons. For a full overview of the available icons please visit 
    <a
      href="https://material.io/tools/icons/"
    >
      this site
    </a>
    .
  </p>
  <p>
    To use an icon, provide the following markup: 
    <PrismCode
      className="language-html"
      component="code"
    >
      &lt;i class="material-icons"&gt;{icon_name}&lt;/i&gt;
    </PrismCode>
    .
  </p>
  <ComponentPreview
    language="html"
    showCasePanel={true}
  >
    <div
      className="row justify-content-evenly align-items-end"
    >
      <IconPreview
        name="android"
        preview={true}
        type="material-icons"
      />
      <IconPreview
        name="contact_support"
        preview={true}
        type="material-icons"
      />
      <IconPreview
        name="face"
        preview={true}
        type="material-icons"
      />
      <IconPreview
        name="star"
        preview={true}
        type="material-icons"
      />
      <IconPreview
        name="warning"
        preview={true}
        type="material-icons"
      />
    </div>
  </ComponentPreview>
  <ComponentPreview
    codeFigure={true}
    language="html"
  >
    <i
      className="material-icons"
    >
      android
    </i>
    

    <i
      className="material-icons"
    >
      contact_support
    </i>
    

    <i
      className="material-icons"
    >
      face
    </i>
    

    <i
      className="material-icons"
    >
      star
    </i>
    

    <i
      className="material-icons"
    >
      warning
    </i>
  </ComponentPreview>
  <h3>
    Sizes
  </h3>
  <p>
    You can modify the size of the material icons by adding one of the size classes: 
    <Property
      value="material-icons-tiny"
    />
    , 
    <Property
      value="material-icons-small"
    />
    , 
    <Property
      value="material-icons-medium"
    />
     or 
    <Property
      value="material-icons-large"
    />
    .
  </p>
  <ComponentPreview
    language="html"
    showCasePanel={true}
  >
    <div
      className="row justify-content-evenly align-items-end"
    >
      <IconPreview
        name="android"
        previewSize={true}
        size="tiny"
        type="material-icons"
      />
      <IconPreview
        name="android"
        previewSize={true}
        size="small"
        type="material-icons"
      />
      <IconPreview
        name="android"
        previewSize={true}
        size="medium"
        type="material-icons"
      />
      <IconPreview
        name="android"
        previewSize={true}
        size="large"
        type="material-icons"
      />
    </div>
  </ComponentPreview>
  <ComponentPreview
    codeFigure={true}
    language="html"
  >
    <i
      className="material-icons material-icons-tiny"
    >
      android
    </i>
    

    <i
      className="material-icons material-icons-small"
    >
      android
    </i>
    

    <i
      className="material-icons material-icons-medium"
    >
      android
    </i>
    

    <i
      className="material-icons material-icons-large"
    >
      android
    </i>
  </ComponentPreview>
</Fragment>
`;

exports[`Core: Iconography PaymentIcons onClick prevents default 1`] = `
<Fragment>
  <h2
    id="payment-icons"
  >
    Payment Icons
  </h2>
  <p>
    To use an icon, provide the following markup: 
    <PrismCode
      className="language-html"
      component="code"
    >
      &lt;i class="payment-icon payment-icon-{icon_name}"&gt;&lt;/i&gt;
    </PrismCode>
    .
  </p>
  <ComponentPreview
    language="html"
    showCasePanel={true}
  >
    <div
      className="row justify-content-evenly mb-2"
    >
      <IconPreview
        name="amex"
        preview={true}
        size="large"
        type="payment-icon"
      />
      

      <IconPreview
        name="diners"
        preview={true}
        size="large"
        type="payment-icon"
      />
      

      <IconPreview
        name="mastercard"
        preview={true}
        size="large"
        type="payment-icon"
      />
      

      <IconPreview
        name="visa"
        preview={true}
        size="large"
        type="payment-icon"
      />
    </div>
    <div
      className="row justify-content-evenly"
    >
      <IconPreview
        name="mobilepay"
        preview={true}
        size="large"
        type="payment-icon"
      />
      

      <IconPreview
        name="paypal"
        preview={true}
        size="large"
        type="payment-icon"
      />
      

      <IconPreview
        name="swish"
        preview={true}
        size="large"
        type="payment-icon"
      />
      

      <IconPreview
        name="vipps"
        preview={true}
        size="large"
        type="payment-icon"
      />
      

    </div>
  </ComponentPreview>
  <ComponentPreview
    codeFigure={true}
    language="html"
  >
    <IconPreview
      name="amex"
      type="payment-icon"
    />
    

    <IconPreview
      name="diners"
      type="payment-icon"
    />
    

    <IconPreview
      name="mastercard"
      type="payment-icon"
    />
    

    <IconPreview
      name="visa"
      type="payment-icon"
    />
    

    <IconPreview
      name="mobilepay"
      type="payment-icon"
    />
    

    <IconPreview
      name="paypal"
      type="payment-icon"
    />
    

    <IconPreview
      name="swish"
      type="payment-icon"
    />
    

    <IconPreview
      name="vipps"
      type="payment-icon"
    />
  </ComponentPreview>
  <h3>
    Sizes
  </h3>
  <p>
    Different sizes are available by adding 
    <Property
      value=".payment-icon-small"
    />
    , 
    <Property
      value=".payment-icon-medium"
    />
    , 
    <Property
      value=".payment-icon-large"
    />
     and 
    <Property
      value=".payment-icon-huge"
    />
    . If no size is provided 
    <Property
      value=".payment-icon-medium"
    />
     is defaulted.
  </p>
  <ComponentPreview
    language="html"
    showCasePanel={true}
  >
    <div
      className="row justify-content-evenly align-items-end"
    >
      <IconPreview
        name="visa"
        previewSize={true}
        size="small"
        type="payment-icon"
      />
      

      <IconPreview
        name="visa"
        previewSize={true}
        size="medium"
        type="payment-icon"
      />
      

      <IconPreview
        name="visa"
        previewSize={true}
        size="large"
        type="payment-icon"
      />
      

      <IconPreview
        name="visa"
        previewSize={true}
        size="huge"
        type="payment-icon"
      />
    </div>
  </ComponentPreview>
  <ComponentPreview
    codeFigure={true}
    language="html"
  >
    <IconPreview
      name="visa"
      size="small"
      type="payment-icon"
    />
    

    <IconPreview
      name="visa"
      size="medium"
      type="payment-icon"
    />
    

    <IconPreview
      name="visa"
      size="large"
      type="payment-icon"
    />
    

    <IconPreview
      name="visa"
      size="huge"
      type="payment-icon"
    />
    

  </ComponentPreview>
  <h3>
    Usage
  </h3>
  <p>
    Typical usage would be in for instance an 
    <Property
      value=".item-list"
    />
    .
  </p>
  <ComponentPreview
    codeFigure={true}
    language="html"
    showCasePanel={true}
  >
    <ul
      className="item-list item-list-striped"
    >
      <li>
        <div
          className="d-flex align-items-center"
        >
          

          <IconPreview
            className="mr-2"
            name="visa"
            type="payment-icon"
          />
          

          <span>
            4925*********004
          </span>
          

        </div>
        <ActionList
          items={
            Array [
              Object {
                "icon": "bookmark",
                "name": "Add bookmark",
              },
              Object {
                "icon": "business_center",
                "name": "Add client",
              },
              Object {
                "icon": "add_circle",
                "name": "Add document",
              },
              Object {
                "icon": "person_add",
                "name": "Add user",
              },
            ]
          }
        />
      </li>
      <li>
        <div
          className="d-flex align-items-center"
        >
          

          <IconPreview
            className="mr-2"
            name="mastercard"
            type="payment-icon"
          />
          

          <span>
            5792*********138
          </span>
          

          <span
            className="badge badge-blue ml-2"
          >
            new
          </span>
          

        </div>
        

        <a
          href="https://payex.com"
        >
          www.payex.com
        </a>
        

      </li>
      <li>
        <div
          className="d-flex align-items-center"
        >
          

          <IconPreview
            className="mr-2"
            name="amex"
            type="payment-icon"
          />
          

          <span>
            3651*********701
          </span>
          

        </div>
        <i
          className="material-icons"
        >
          star
        </i>
        

      </li>
      <li>
        <div
          className="d-flex align-items-center"
        >
          

          <IconPreview
            className="mr-2"
            name="visa"
            type="payment-icon"
          />
          

          <span>
            4925*********007
          </span>
          

        </div>
        

        <span
          className="status status-success"
        >
          Active
        </span>
        

        <button
          className="btn btn-destructive btn-xs ml-2"
          type="button"
        >
          <i
            className="material-icons"
          >
            delete
          </i>
        </button>
        

      </li>
    </ul>
  </ComponentPreview>
</Fragment>
`;

exports[`Core: Iconography PaymentIcons renders 1`] = `
<Fragment>
  <h2
    id="payment-icons"
  >
    Payment Icons
  </h2>
  <p>
    To use an icon, provide the following markup: 
    <PrismCode
      className="language-html"
      component="code"
    >
      &lt;i class="payment-icon payment-icon-{icon_name}"&gt;&lt;/i&gt;
    </PrismCode>
    .
  </p>
  <ComponentPreview
    language="html"
    showCasePanel={true}
  >
    <div
      className="row justify-content-evenly mb-2"
    >
      <IconPreview
        name="amex"
        preview={true}
        size="large"
        type="payment-icon"
      />
      

      <IconPreview
        name="diners"
        preview={true}
        size="large"
        type="payment-icon"
      />
      

      <IconPreview
        name="mastercard"
        preview={true}
        size="large"
        type="payment-icon"
      />
      

      <IconPreview
        name="visa"
        preview={true}
        size="large"
        type="payment-icon"
      />
    </div>
    <div
      className="row justify-content-evenly"
    >
      <IconPreview
        name="mobilepay"
        preview={true}
        size="large"
        type="payment-icon"
      />
      

      <IconPreview
        name="paypal"
        preview={true}
        size="large"
        type="payment-icon"
      />
      

      <IconPreview
        name="swish"
        preview={true}
        size="large"
        type="payment-icon"
      />
      

      <IconPreview
        name="vipps"
        preview={true}
        size="large"
        type="payment-icon"
      />
      

    </div>
  </ComponentPreview>
  <ComponentPreview
    codeFigure={true}
    language="html"
  >
    <IconPreview
      name="amex"
      type="payment-icon"
    />
    

    <IconPreview
      name="diners"
      type="payment-icon"
    />
    

    <IconPreview
      name="mastercard"
      type="payment-icon"
    />
    

    <IconPreview
      name="visa"
      type="payment-icon"
    />
    

    <IconPreview
      name="mobilepay"
      type="payment-icon"
    />
    

    <IconPreview
      name="paypal"
      type="payment-icon"
    />
    

    <IconPreview
      name="swish"
      type="payment-icon"
    />
    

    <IconPreview
      name="vipps"
      type="payment-icon"
    />
  </ComponentPreview>
  <h3>
    Sizes
  </h3>
  <p>
    Different sizes are available by adding 
    <Property
      value=".payment-icon-small"
    />
    , 
    <Property
      value=".payment-icon-medium"
    />
    , 
    <Property
      value=".payment-icon-large"
    />
     and 
    <Property
      value=".payment-icon-huge"
    />
    . If no size is provided 
    <Property
      value=".payment-icon-medium"
    />
     is defaulted.
  </p>
  <ComponentPreview
    language="html"
    showCasePanel={true}
  >
    <div
      className="row justify-content-evenly align-items-end"
    >
      <IconPreview
        name="visa"
        previewSize={true}
        size="small"
        type="payment-icon"
      />
      

      <IconPreview
        name="visa"
        previewSize={true}
        size="medium"
        type="payment-icon"
      />
      

      <IconPreview
        name="visa"
        previewSize={true}
        size="large"
        type="payment-icon"
      />
      

      <IconPreview
        name="visa"
        previewSize={true}
        size="huge"
        type="payment-icon"
      />
    </div>
  </ComponentPreview>
  <ComponentPreview
    codeFigure={true}
    language="html"
  >
    <IconPreview
      name="visa"
      size="small"
      type="payment-icon"
    />
    

    <IconPreview
      name="visa"
      size="medium"
      type="payment-icon"
    />
    

    <IconPreview
      name="visa"
      size="large"
      type="payment-icon"
    />
    

    <IconPreview
      name="visa"
      size="huge"
      type="payment-icon"
    />
    

  </ComponentPreview>
  <h3>
    Usage
  </h3>
  <p>
    Typical usage would be in for instance an 
    <Property
      value=".item-list"
    />
    .
  </p>
  <ComponentPreview
    codeFigure={true}
    language="html"
    showCasePanel={true}
  >
    <ul
      className="item-list item-list-striped"
    >
      <li>
        <div
          className="d-flex align-items-center"
        >
          

          <IconPreview
            className="mr-2"
            name="visa"
            type="payment-icon"
          />
          

          <span>
            4925*********004
          </span>
          

        </div>
        <ActionList
          items={
            Array [
              Object {
                "icon": "bookmark",
                "name": "Add bookmark",
              },
              Object {
                "icon": "business_center",
                "name": "Add client",
              },
              Object {
                "icon": "add_circle",
                "name": "Add document",
              },
              Object {
                "icon": "person_add",
                "name": "Add user",
              },
            ]
          }
        />
      </li>
      <li>
        <div
          className="d-flex align-items-center"
        >
          

          <IconPreview
            className="mr-2"
            name="mastercard"
            type="payment-icon"
          />
          

          <span>
            5792*********138
          </span>
          

          <span
            className="badge badge-blue ml-2"
          >
            new
          </span>
          

        </div>
        

        <a
          href="https://payex.com"
        >
          www.payex.com
        </a>
        

      </li>
      <li>
        <div
          className="d-flex align-items-center"
        >
          

          <IconPreview
            className="mr-2"
            name="amex"
            type="payment-icon"
          />
          

          <span>
            3651*********701
          </span>
          

        </div>
        <i
          className="material-icons"
        >
          star
        </i>
        

      </li>
      <li>
        <div
          className="d-flex align-items-center"
        >
          

          <IconPreview
            className="mr-2"
            name="visa"
            type="payment-icon"
          />
          

          <span>
            4925*********007
          </span>
          

        </div>
        

        <span
          className="status status-success"
        >
          Active
        </span>
        

        <button
          className="btn btn-destructive btn-xs ml-2"
          type="button"
        >
          <i
            className="material-icons"
          >
            delete
          </i>
        </button>
        

      </li>
    </ul>
  </ComponentPreview>
</Fragment>
`;

exports[`Core: Iconography renders 1`] = `
<DocContainer
  docToc={true}
>
  <p
    className="lead"
  >
    The Swedbank Pay DesignGuide includes a variety of icons. Mainly we use the material icons, but we also include icons for known payment providers, and flags for most nations in the world.
  </p>
  <MaterialIcons />
  <PaymentIcons />
  <Flags />
</DocContainer>
`;
