// Jest Snapshot v1, https://goo.gl/fbAQLP

exports[`Resources: Presentations Download renders 1`] = `
<Fragment>
  <h2
    id="download"
  >
    Download
  </h2>
  <div
    className="slab slab-default slab-elevated"
  >
    <p>
      The presentation template is provided as a 
      <CodeTags
        code=".potx"
        type="secondary"
      />
      -file.
    </p>
    <Button
      href="/TEST/templates/SwedbankPay_ppt_template.potx"
      icon="file_download"
      label="Presentation template"
      type="executive"
    />
  </div>
  <div
    className="slab slab-default slab-arrow"
  >
    <i
      className="material-icons"
    >
      wb_incandescent
    </i>
    <p>
      Want to include images in the presentation? Images can be found in the image archive. 
    </p>
    <ActionLink
      link="https://payex.pickit.com"
      linkText="Open image archive"
      newTab={true}
    />
  </div>
</Fragment>
`;

exports[`Resources: Presentations Overview renders 1`] = `
<Fragment>
  <p>
    This is the main template for both internal and external use. Make sure you have the correct fonts installed on your computer. The fonts can be found 
    <a
      href="/res/resources/typography"
    >
      here
    </a>
    . Please do not change the colour or the logo of this template.
  </p>
  <p>
    If you have other needs, have new ideas or feedback on this presentation - please contact Head of Marketing.
  </p>
</Fragment>
`;

exports[`Resources: Presentations renders 1`] = `
<DocContainer
  docToc={true}
>
  <Overview />
  <Download />
</DocContainer>
`;
