// Jest Snapshot v1, https://goo.gl/fbAQLP

exports[`Core: Breakpoints Overview renders 1`] = `
<Fragment>
  <h2
    id="overview"
  >
    Overview
  </h2>
  <p>
    Like Bootstrap our breakpoints are ranged from 
    <Tag
      code={true}
      text="xs"
      type="secondary"
    />
     to 
    <Tag
      code={true}
      text="xl"
      type="secondary"
    />
    . In addition, we have added yet another breakpoint for even bigger screens called 
    <Tag
      code={true}
      text="xxl"
      type="secondary"
    />
    .
  </p>
  <p>
    Note that when targeting screensize 
    <Tag
      code={true}
      text="xs"
      type="secondary"
    />
    , it is optional to append the infix to the classname.
  </p>
  <table
    className="table table-striped"
  >
    <thead>
      <tr>
        <th>
          Infix
        </th>
        <th>
          Min-width
        </th>
        <th>
          Example usage
        </th>
      </tr>
    </thead>
    <tbody>
      <tr>
        <td>
          <Tag
            code={true}
            text="xs"
            type="secondary"
          />
        </td>
        <td>
          <Tag
            code={true}
            text="0px"
            type="secondary"
          />
        </td>
        <td>
          <p>
            <Tag
              code={true}
              text=".col-8"
              type="secondary"
            />
            , 
            <Tag
              code={true}
              text=".d-block"
              type="secondary"
            />
          </p>
        </td>
      </tr>
      <tr>
        <td>
          <Tag
            code={true}
            text="sm"
            type="secondary"
          />
        </td>
        <td>
          <Tag
            code={true}
            text="576px"
            type="secondary"
          />
        </td>
        <td>
          <p>
            <Tag
              code={true}
              text=".col-sm-8"
              type="secondary"
            />
            , 
            <Tag
              code={true}
              text=".d-sm-block"
              type="secondary"
            />
          </p>
        </td>
      </tr>
      <tr>
        <td>
          <Tag
            code={true}
            text="md"
            type="secondary"
          />
        </td>
        <td>
          <Tag
            code={true}
            text="768px"
            type="secondary"
          />
        </td>
        <td>
          <p>
            <Tag
              code={true}
              text=".col-md-8"
              type="secondary"
            />
            , 
            <Tag
              code={true}
              text=".d-md-block"
              type="secondary"
            />
          </p>
        </td>
      </tr>
      <tr>
        <td>
          <Tag
            code={true}
            text="lg"
            type="secondary"
          />
        </td>
        <td>
          <Tag
            code={true}
            text="992px"
            type="secondary"
          />
        </td>
        <td>
          <p>
            <Tag
              code={true}
              text=".col-lg-8"
              type="secondary"
            />
            , 
            <Tag
              code={true}
              text=".d-lg-block"
              type="secondary"
            />
          </p>
        </td>
      </tr>
      <tr>
        <td>
          <Tag
            code={true}
            text="xl"
            type="secondary"
          />
        </td>
        <td>
          <Tag
            code={true}
            text="1200px"
            type="secondary"
          />
        </td>
        <td>
          <p>
            <Tag
              code={true}
              text=".col-xl-8"
              type="secondary"
            />
            , 
            <Tag
              code={true}
              text=".d-xl-block"
              type="secondary"
            />
          </p>
        </td>
      </tr>
      <tr>
        <td>
          <Tag
            code={true}
            text="xxl"
            type="secondary"
          />
        </td>
        <td>
          <Tag
            code={true}
            text="1600px"
            type="secondary"
          />
        </td>
        <td>
          <p>
            <Tag
              code={true}
              text=".col-xxl-8"
              type="secondary"
            />
            , 
            <Tag
              code={true}
              text=".d-xxl-block"
              type="secondary"
            />
          </p>
        </td>
      </tr>
    </tbody>
  </table>
</Fragment>
`;

exports[`Core: Breakpoints renders 1`] = `
<DocContainer>
  <p
    className="lead"
  >
    Our breakpoints is based on 
    <a
      href="http://getbootstrap.com/docs/4.1/layout/overview/#responsive-breakpoints"
    >
      Bootstrap
      '
      s breakpoints
    </a>
    , but has some modifications.
  </p>
  <Overview />
</DocContainer>
`;
