// Jest Snapshot v1, https://goo.gl/fbAQLP

exports[`Documentation: Table Overview renders 1`] = `
<section>
  <h2>
    Overview
  </h2>
  <p>
    Use the table component to make information easier to compare and scan for users.
  </p>
  <p>
    Tables can be used for several different things, but common use cases for a table are, for example displaying a list that contains different types of data (text, numbers) and in some cases combined with interactions and various graphical elements.
  </p>
  <ComponentPreview
    codeFigure={true}
    language="html"
    showCasePanel={true}
    showCasePanelAdvanced={
      Object {
        "elements": Array [
          Object {
            "component": <Table
              caption="Employees"
              tableData={
                Object {
                  "tbody": Array [
                    Object {
                      "tr": Array [
                        Object {
                          "content": 1,
                          "th": true,
                        },
                        Object {
                          "content": "McGregor",
                        },
                        Object {
                          "content": <span
                            className="status status-success"
                          >
                            Success
                          </span>,
                        },
                      ],
                    },
                    Object {
                      "tr": Array [
                        Object {
                          "content": 2,
                          "th": true,
                        },
                        Object {
                          "content": "Sean O'Malley",
                        },
                        Object {
                          "content": <span
                            className="status status-danger"
                          >
                            Danger
                          </span>,
                        },
                      ],
                    },
                    Object {
                      "tr": Array [
                        Object {
                          "content": 3,
                          "th": true,
                        },
                        Object {
                          "content": "Bisping",
                        },
                        Object {
                          "content": <span
                            className="status status-neutral"
                          >
                            Neutral
                          </span>,
                        },
                      ],
                    },
                    Object {
                      "tr": Array [
                        Object {
                          "content": 4,
                          "th": true,
                        },
                        Object {
                          "content": "Mike Perry",
                        },
                        Object {
                          "content": <span
                            className="status status-inactive"
                          >
                            Inactive
                          </span>,
                        },
                      ],
                    },
                  ],
                  "thead": Array [
                    Object {
                      "content": "#",
                    },
                    Object {
                      "content": "Name",
                    },
                    Object {
                      "content": "Status",
                    },
                  ],
                }
              }
            />,
            "description": <p>
              The table component should be preceded by either a 
              <CodeTags
                code="<caption>"
                type="primary"
              />
               or a heading that introduces the content of the table. The table color can either be striped or plain with borders, and there is also a condensed version of the table with more narrow rows. Column dividers can be added to make the content easier to read vertically. Adding a row hover state can help the user visually scan the data in a row, even if the row is not interactive - this is especially helpful in large tables. When you need to use sorting on your table, you can do it in one or more columns, by ascending (A-Z, 0-9) or descending (Z-A, 9-0) order.
            </p>,
            "options": Object {
              "checkbox": Array [
                Object {
                  "id": "table_addons",
                  "inputs": Array [
                    Object {
                      "id": "hover_effect",
                      "name": "Hover effect",
                      "value": Object {
                        "hover": true,
                      },
                    },
                    Object {
                      "id": "column_divider",
                      "name": "Column dividers",
                      "value": Object {
                        "divided": true,
                      },
                    },
                    Object {
                      "id": "table_buttons",
                      "name": "Buttons",
                      "value": Object {
                        "tableData": Object {
                          "tbody": Array [
                            Object {
                              "tr": Array [
                                Object {
                                  "content": 1,
                                  "th": true,
                                },
                                Object {
                                  "content": "McGregor",
                                },
                                Object {
                                  "content": <span
                                    className="status status-success"
                                  >
                                    Success
                                  </span>,
                                },
                                Object {
                                  "content": <Buttons />,
                                },
                              ],
                            },
                            Object {
                              "tr": Array [
                                Object {
                                  "content": 2,
                                  "th": true,
                                },
                                Object {
                                  "content": "Sean O'Malley",
                                },
                                Object {
                                  "content": <span
                                    className="status status-danger"
                                  >
                                    Danger
                                  </span>,
                                },
                                Object {
                                  "content": <Buttons />,
                                },
                              ],
                            },
                            Object {
                              "tr": Array [
                                Object {
                                  "content": 3,
                                  "th": true,
                                },
                                Object {
                                  "content": "Bisping",
                                },
                                Object {
                                  "content": <span
                                    className="status status-neutral"
                                  >
                                    Neutral
                                  </span>,
                                },
                                Object {
                                  "content": <Buttons />,
                                },
                              ],
                            },
                            Object {
                              "tr": Array [
                                Object {
                                  "content": 4,
                                  "th": true,
                                },
                                Object {
                                  "content": "Mike Perry",
                                },
                                Object {
                                  "content": <span
                                    className="status status-inactive"
                                  >
                                    Inactive
                                  </span>,
                                },
                                Object {
                                  "content": <Buttons />,
                                },
                              ],
                            },
                          ],
                          "thead": Array [
                            Object {
                              "content": "#",
                            },
                            Object {
                              "content": "Name",
                            },
                            Object {
                              "content": "Status",
                            },
                            Object {
                              "classname": "no-sort align-right",
                              "content": "Edit",
                            },
                          ],
                        },
                      },
                    },
                    Object {
                      "id": "sorting",
                      "name": "Sorting",
                      "value": Object {
                        "sortable": true,
                      },
                    },
                  ],
                  "title": "Add on",
                },
              ],
              "radio": Array [
                Object {
                  "id": "table_color",
                  "title": "Color",
                  "values": Array [
                    Object {
                      "name": "Striped",
                      "value": Object {
                        "plain": false,
                      },
                    },
                    Object {
                      "name": "Plain",
                      "value": Object {
                        "plain": true,
                      },
                    },
                  ],
                },
                Object {
                  "id": "table_style",
                  "title": "Style",
                  "values": Array [
                    Object {
                      "name": "Default",
                      "value": Object {
                        "condensed": false,
                      },
                    },
                    Object {
                      "name": "Condensed",
                      "value": Object {
                        "condensed": true,
                      },
                    },
                  ],
                },
              ],
            },
            "title": "Table",
          },
        ],
        "id": "overviewTables",
      }
    }
  />
  <section>
    <h3>
      Things to consider
    </h3>
    <ul
      className="list list-bullet"
    >
      <li>
        When deciding how to style and format your table, prioritize readability and remove any visual clutter that may distract the eye.
      </li>
      <li>
        Dividers shouldn’t yell for users’ attention, and shouldn’t distract users from the content itself. The goal behind the divider is to support and make the layout clean, not to catch the attention. 
      </li>
      <li>
        If you have a table in which you showcase mainly transactions on individual rows, perhaps vertical dividers are not helping the user’s readability.
      </li>
      <li>
        When using sorting on multiple columns in a table, make sure the behavior is consistent no matter the data/content, i.e. if one column is sorted in ascending order first and descending order second, any other sortable column in the table should follow the same logic.
      </li>
    </ul>
  </section>
  <section>
    <h3>
      How to align columns properly
    </h3>
    <p>
      Headers, generally, should carry whatever alignment their data has. This keeps the vertical lines of the table clean with or without dividers, and provides consistency and context.
    </p>
    <div
      className="slab slab-plain slab-border-error table-align-example"
    >
      <h3>
        Don't
      </h3>
      <Table
        tableData={
          Object {
            "tbody": Array [
              Object {
                "tr": Array [
                  Object {
                    "classname": "text-center",
                    "content": "Text",
                  },
                  Object {
                    "classname": "text-center",
                    "content": "Text",
                  },
                  Object {
                    "classname": "text-end",
                    "content": "Text",
                  },
                  Object {
                    "classname": "text-end",
                    "content": <Buttons />,
                  },
                ],
              },
              Object {
                "tr": Array [
                  Object {
                    "classname": "text-center",
                    "content": "Text",
                  },
                  Object {
                    "classname": "",
                    "content": "Text",
                  },
                  Object {
                    "classname": "",
                    "content": "Text",
                  },
                  Object {
                    "classname": "text-end",
                    "content": <Buttons />,
                  },
                ],
              },
              Object {
                "tr": Array [
                  Object {
                    "classname": "text-center",
                    "content": "Text",
                  },
                  Object {
                    "classname": "text-center",
                    "content": "Text",
                  },
                  Object {
                    "classname": "text-center",
                    "content": "Text",
                  },
                  Object {
                    "classname": "text-end",
                    "content": <Buttons />,
                  },
                ],
              },
              Object {
                "tr": Array [
                  Object {
                    "classname": "",
                    "content": "Text",
                  },
                  Object {
                    "classname": "",
                    "content": "Text",
                  },
                  Object {
                    "classname": "text-center",
                    "content": "Text",
                  },
                  Object {
                    "classname": "",
                    "content": <Buttons />,
                  },
                ],
              },
            ],
            "thead": Array [
              Object {
                "content": "Column 1",
              },
              Object {
                "content": "Column 2",
              },
              Object {
                "content": "Column 3",
              },
              Object {
                "classname": null,
                "content": "Buttons",
              },
            ],
          }
        }
      />
    </div>
    <div
      className="slab slab-plain slab-border-success table-align-example"
    >
      <h3>
        Do
      </h3>
      <Table
        tableData={
          Object {
            "tbody": Array [
              Object {
                "tr": Array [
                  Object {
                    "content": "Text",
                  },
                  Object {
                    "content": "Text",
                  },
                  Object {
                    "content": "Text",
                  },
                  Object {
                    "classname": "align-right",
                    "content": <Buttons />,
                  },
                ],
              },
              Object {
                "tr": Array [
                  Object {
                    "content": "Text",
                  },
                  Object {
                    "content": "Text",
                  },
                  Object {
                    "content": "Text",
                  },
                  Object {
                    "classname": "align-right",
                    "content": <Buttons />,
                  },
                ],
              },
              Object {
                "tr": Array [
                  Object {
                    "content": "Text",
                  },
                  Object {
                    "content": "Text",
                  },
                  Object {
                    "content": "Text",
                  },
                  Object {
                    "classname": "align-right",
                    "content": <Buttons />,
                  },
                ],
              },
              Object {
                "tr": Array [
                  Object {
                    "content": "Text",
                  },
                  Object {
                    "content": "Text",
                  },
                  Object {
                    "content": "Text",
                  },
                  Object {
                    "classname": "align-right",
                    "content": <Buttons />,
                  },
                ],
              },
            ],
            "thead": Array [
              Object {
                "content": "Column 1",
              },
              Object {
                "content": "Column 2",
              },
              Object {
                "content": "Column 3",
              },
              Object {
                "classname": "align-right",
                "content": "Buttons",
              },
            ],
          }
        }
      />
    </div>
    <p>
      By default, most column data is left aligned. There could be two exceptions which should be right aligned to help users identify number size and interactions.
    </p>
    <div
      className="row"
    >
      <div
        className="col-6"
      >
        <div
          className="slab slab-plain slab-border-success"
        >
          <h3>
            Do
          </h3>
          <Table
            tableData={
              Object {
                "tbody": Array [
                  Object {
                    "tr": Array [
                      Object {
                        "content": "Text",
                      },
                      Object {
                        "classname": "align-right",
                        "content": "4 500,00 SEK",
                      },
                    ],
                  },
                  Object {
                    "tr": Array [
                      Object {
                        "content": "Text",
                      },
                      Object {
                        "classname": "align-right",
                        "content": "4 500,00 SEK",
                      },
                    ],
                  },
                  Object {
                    "tr": Array [
                      Object {
                        "content": "Text",
                      },
                      Object {
                        "classname": "align-right",
                        "content": "4 500,00 SEK",
                      },
                    ],
                  },
                  Object {
                    "tr": Array [
                      Object {
                        "content": "Text",
                      },
                      Object {
                        "classname": "align-right",
                        "content": "4 500,00 SEK",
                      },
                    ],
                  },
                ],
                "thead": Array [
                  Object {
                    "content": "Column 1",
                  },
                  Object {
                    "classname": "align-right",
                    "content": "Amount",
                  },
                ],
              }
            }
          />
        </div>
      </div>
      <div
        className="col-6"
      >
        <div
          className="slab slab-plain slab-border-error"
        >
          <h3>
            Don't
          </h3>
          <Table
            tableData={
              Object {
                "tbody": Array [
                  Object {
                    "tr": Array [
                      Object {
                        "content": "Text",
                      },
                      Object {
                        "classname": "align-right",
                        "content": "4 500,00 SEK",
                      },
                    ],
                  },
                  Object {
                    "tr": Array [
                      Object {
                        "content": "Text",
                      },
                      Object {
                        "classname": "align-right",
                        "content": "4 500,00 SEK",
                      },
                    ],
                  },
                  Object {
                    "tr": Array [
                      Object {
                        "content": "Text",
                      },
                      Object {
                        "classname": "align-right",
                        "content": "4 500,00 SEK",
                      },
                    ],
                  },
                  Object {
                    "tr": Array [
                      Object {
                        "content": "Text",
                      },
                      Object {
                        "classname": "align-right",
                        "content": "4 500,00 SEK",
                      },
                    ],
                  },
                ],
                "thead": Array [
                  Object {
                    "content": "Column 1",
                  },
                  Object {
                    "classname": null,
                    "content": "Amount",
                  },
                ],
              }
            }
          />
        </div>
      </div>
    </div>
  </section>
  <section>
    <h3>
      How to use buttons in tables
    </h3>
    <p>
      Buttons should generally be placed in the last column in the table and be right-aligned. 
    </p>
    <div
      className="row"
    >
      <div
        className="col-6"
      >
        <div
          className="slab slab-plain slab-border-success"
        >
          <h3>
            Dosss
          </h3>
          <Table
            tableData={
              Object {
                "tbody": Array [
                  Object {
                    "tr": Array [
                      Object {
                        "content": "Sean O'Malley",
                      },
                      Object {
                        "classname": "align-right",
                        "content": <Buttons
                          actionList={true}
                          deleteBtn={null}
                          favBtn={null}
                        />,
                      },
                    ],
                  },
                  Object {
                    "tr": Array [
                      Object {
                        "content": "McGregor",
                      },
                      Object {
                        "classname": "align-right",
                        "content": <Buttons
                          actionList={true}
                          deleteBtn={null}
                          favBtn={null}
                        />,
                      },
                    ],
                  },
                  Object {
                    "tr": Array [
                      Object {
                        "content": "Bisping",
                      },
                      Object {
                        "classname": "align-right",
                        "content": <Buttons
                          actionList={true}
                          deleteBtn={null}
                          favBtn={null}
                        />,
                      },
                    ],
                  },
                  Object {
                    "tr": Array [
                      Object {
                        "content": "Mike Perry",
                      },
                      Object {
                        "classname": "align-right",
                        "content": <Buttons
                          actionList={true}
                          deleteBtn={null}
                          favBtn={null}
                        />,
                      },
                    ],
                  },
                ],
                "thead": Array [
                  Object {
                    "content": "Employee",
                  },
                  Object {
                    "classname": "align-right",
                    "content": "Actions",
                  },
                ],
              }
            }
          />
        </div>
      </div>
      <div
        className="col-6"
      >
        <div
          className="slab slab-plain slab-border-error"
        >
          <h3>
            Don't
          </h3>
          <Table
            tableData={
              Object {
                "tbody": Array [
                  Object {
                    "tr": Array [
                      Object {
                        "content": "Sean O'Malley",
                      },
                      Object {
                        "classname": "align-right",
                        "content": <Buttons
                          actionList={null}
                          deleteBtn={null}
                          favBtn={true}
                        />,
                      },
                    ],
                  },
                  Object {
                    "tr": Array [
                      Object {
                        "content": "McGregor",
                      },
                      Object {
                        "classname": "align-right",
                        "content": <Buttons
                          actionList={null}
                          deleteBtn={null}
                          favBtn={true}
                        />,
                      },
                    ],
                  },
                  Object {
                    "tr": Array [
                      Object {
                        "content": "Bisping",
                      },
                      Object {
                        "classname": "align-right",
                        "content": <Buttons
                          actionList={null}
                          deleteBtn={null}
                          favBtn={true}
                        />,
                      },
                    ],
                  },
                  Object {
                    "tr": Array [
                      Object {
                        "content": "Mike Perry",
                      },
                      Object {
                        "classname": "align-right",
                        "content": <Buttons
                          actionList={null}
                          deleteBtn={null}
                          favBtn={true}
                        />,
                      },
                    ],
                  },
                ],
                "thead": Array [
                  Object {
                    "content": "Employee",
                  },
                  Object {
                    "classname": "align-right",
                    "content": "Actions",
                  },
                ],
              }
            }
          />
        </div>
      </div>
    </div>
    <p>
      If more than two actions can be taken, consider using an action list instead of buttons to avoid making the cell too cluttered.
    </p>
    <div
      className="row"
    >
      <div
        className="col-6"
      >
        <div
          className="slab slab-plain slab-border-success"
        >
          <h3>
            Do
          </h3>
          <Table
            tableData={
              Object {
                "tbody": Array [
                  Object {
                    "tr": Array [
                      Object {
                        "content": "Sean O'Malley",
                      },
                      Object {
                        "classname": "align-right",
                        "content": <Buttons
                          actionList={null}
                          deleteBtn={null}
                          favBtn={null}
                        />,
                      },
                    ],
                  },
                  Object {
                    "tr": Array [
                      Object {
                        "content": "McGregor",
                      },
                      Object {
                        "classname": "align-right",
                        "content": <Buttons
                          actionList={null}
                          deleteBtn={null}
                          favBtn={null}
                        />,
                      },
                    ],
                  },
                  Object {
                    "tr": Array [
                      Object {
                        "content": "Bisping",
                      },
                      Object {
                        "classname": "align-right",
                        "content": <Buttons
                          actionList={null}
                          deleteBtn={null}
                          favBtn={null}
                        />,
                      },
                    ],
                  },
                  Object {
                    "tr": Array [
                      Object {
                        "content": "Mike Perry",
                      },
                      Object {
                        "classname": "align-right",
                        "content": <Buttons
                          actionList={null}
                          deleteBtn={null}
                          favBtn={null}
                        />,
                      },
                    ],
                  },
                ],
                "thead": Array [
                  Object {
                    "content": "Employee",
                  },
                  Object {
                    "classname": "align-right",
                    "content": "Actions",
                  },
                ],
              }
            }
          />
        </div>
      </div>
      <div
        className="col-6 button-table-example"
      >
        <div
          className="slab slab-plain slab-border-error"
        >
          <h3>
            Don't
          </h3>
          <Table
            tableData={
              Object {
                "tbody": Array [
                  Object {
                    "tr": Array [
                      Object {
                        "content": "Sean O'Malley",
                      },
                      Object {
                        "classname": "align-right",
                        "content": <Buttons
                          actionList={null}
                          deleteBtn={true}
                          favBtn={null}
                        />,
                      },
                    ],
                  },
                  Object {
                    "tr": Array [
                      Object {
                        "content": "McGregor",
                      },
                      Object {
                        "classname": "align-right",
                        "content": <Buttons
                          actionList={null}
                          deleteBtn={true}
                          favBtn={null}
                        />,
                      },
                    ],
                  },
                  Object {
                    "tr": Array [
                      Object {
                        "content": "Bisping",
                      },
                      Object {
                        "classname": "align-right",
                        "content": <Buttons
                          actionList={null}
                          deleteBtn={true}
                          favBtn={null}
                        />,
                      },
                    ],
                  },
                  Object {
                    "tr": Array [
                      Object {
                        "content": "Mike Perry",
                      },
                      Object {
                        "classname": "align-right",
                        "content": <Buttons
                          actionList={null}
                          deleteBtn={true}
                          favBtn={null}
                        />,
                      },
                    ],
                  },
                ],
                "thead": Array [
                  Object {
                    "content": "Employee",
                  },
                  Object {
                    "classname": "align-right",
                    "content": "Actions",
                  },
                ],
              }
            }
          />
        </div>
      </div>
    </div>
    <p>
      To the greatest extent possible, try to stick to the same type of buttons within a table cell.
    </p>
  </section>
</section>
`;

exports[`Documentation: Table renders 1`] = `
<DocContainer>
  <section
    id="table-doc"
  >
    <p
      className="lead"
    >
      A table displays information in a grid of rows and columns.
    </p>
    <Overview />
  </section>
</DocContainer>
`;
