// Jest Snapshot v1, https://goo.gl/fbAQLP

exports[`GettingStarted: ForDevelopers Contributing renders 1`] = `
<section>
  <h2
    id="contributing"
  >
    Contributing
  </h2>
  <p>
    Our project is fully open source and we would love to have you contribute to make the design guide better! You can create a ticket directly in 
    <a
      className="icon-link m-0"
      href="https://github.com/SwedbankPay/design.swedbankpay.com"
      rel="noopener noreferrer"
      target="_blank"
    >
      <span
        className="mr-2"
      >
        our Git Repository
      </span>
      <i
        aria-hidden="true"
        className="material-icons"
      >
        open_in_new
      </i>
    </a>
     or create a feature request here.
  </p>
  <p>
    Please make sure to check out our 
    <a
      className="icon-link m-0"
      href="https://github.com/SwedbankPay/design.swedbankpay.com#contributing"
      rel="noopener noreferrer"
      target="_blank"
    >
      <span
        className="mr-2"
      >
        Contribution Guide
      </span>
      <i
        aria-hidden="true"
        className="material-icons"
      >
        open_in_new
      </i>
    </a>
    , it includes guidelines for how to contribute with new components and develop for the project.
  </p>
</section>
`;

exports[`GettingStarted: ForDevelopers DiscoverMore renders 1`] = `
<section>
  <h2
    id="discover-more"
  >
    Discover more
  </h2>
  <div
    className="component-overview hide-arrow-icon"
  >
    <Link
      className="cards cards-primary cards-wide"
      key="/components"
      to="/components"
    >
      <div
        className="cards-content m-0"
      >
        <span
          className="h3"
        >
          Components
        </span>
        <span>
          See all available components
        </span>
      </div>
      <i
        className="material-icons"
      >
        arrow_forward
      </i>
    </Link>
    <Link
      className="cards cards-primary cards-wide"
      key="/utilities"
      to="/utilities"
    >
      <div
        className="cards-content m-0"
      >
        <span
          className="h3"
        >
          Utilities
        </span>
        <span>
          See all available components
        </span>
      </div>
      <i
        className="material-icons"
      >
        arrow_forward
      </i>
    </Link>
    <Link
      className="cards cards-primary cards-wide"
      key="/identity/iconography"
      to="/identity/iconography"
    >
      <div
        className="cards-content m-0"
      >
        <span
          className="h3"
        >
          Iconography
        </span>
        <span>
          Our icon library and how to use it
        </span>
      </div>
      <i
        className="material-icons"
      >
        arrow_forward
      </i>
    </Link>
  </div>
</section>
`;

exports[`GettingStarted: ForDevelopers Feedback renders 1`] = `
<section>
  <h2
    id="feedback"
  >
    Feedback
  </h2>
  <p>
    We want to do our best to provide top quality components for you to use, but this is only possible with the help from you! If you have any suggestions for how we could potentially improve a component, please don’t hesitate to reach out, you can find us in the 
    <strong>
      #design-guide-feedback
    </strong>
     Slack channel.
  </p>
</section>
`;

exports[`GettingStarted: ForDevelopers GridAndBreakpoints renders 1`] = `
<section>
  <h2
    id="grid-and-breakpoints"
  >
    Grid and breakpoints
  </h2>
  <p>
    Our grid system is a customized version of the bootstrap grid and functions almost the same, with most of the Bootstrap grid system classes available. To learn more about how to use 
    <Link
      to="/identity/grid"
    >
      our 12 column grid system.
    </Link>
  </p>
  <table
    className="table table-plain"
  >
    <thead>
      <tr>
        <th>
          Size
        </th>
        <th>
          Breakpoint Range
        </th>
        <th>
          Columns
        </th>
        <th>
          Margins & Gutter
        </th>
      </tr>
    </thead>
    <tbody>
      <tr
        key="Mobile"
      >
        <td>
          Mobile
        </td>
        <td>
          320-767 px
        </td>
        <td>
          4
        </td>
        <td>
          16 px
        </td>
      </tr>
      <tr
        key="Tablet"
      >
        <td>
          Tablet
        </td>
        <td>
          767-1023 px
        </td>
        <td>
          8
        </td>
        <td>
          24 px
        </td>
      </tr>
      <tr
        key="Small desktop"
      >
        <td>
          Small desktop
        </td>
        <td>
          1024-1439 px
        </td>
        <td>
          12
        </td>
        <td>
          24 px
        </td>
      </tr>
      <tr
        key="Large desktop"
      >
        <td>
          Large desktop
        </td>
        <td>
          ≥ 1440 px
        </td>
        <td>
          12
        </td>
        <td>
          24 px
        </td>
      </tr>
    </tbody>
  </table>
  <h3>
    8-point spacing system
  </h3>
  <p>
    In addition to the Grid, we also use a 8-point spacing system for spacing between different UI elements. In practice this means we use multiples of 8 in order to define dimensions, padding and margins between the elements. Read more about how it is used in our 
    <Link
      to="/identity/spacing"
    >
      Spacing section
    </Link>
    .
  </p>
</section>
`;

exports[`GettingStarted: ForDevelopers Installation renders 1`] = `
<section>
  <h2
    id="installation"
  >
    Installation
  </h2>
  <p>
    To quickly add the Swedbank Pay Design Guide to your project, include the snippets below in your project.
  </p>
  <h3>
    Include in the header
  </h3>
  <p>
    Copy-paste the following CSS code into 
    <CodeTags
      code="<head>"
      type="secondary"
    />
     before all the other stylesheets in order to load our CSS.
  </p>
  <ComponentPreview
    codeFigure={true}
    language="html"
  >
    <link
      href="http://localhost/TEST/styles/TESTBRAND.css"
      rel="stylesheet"
    />
  </ComponentPreview>
  <h3>
    Include at the bottom
  </h3>
  <p>
    Many of our components requires the use of JavaScript in order to function. Place the following 
    <CodeTags
      code="<Script>"
      type="secondary"
    />
     tag near the end of your pages, right before the closing 
    <CodeTags
      code="</body>"
      type="secondary"
    />
     tag to enable them.
  </p>
  <ComponentPreview
    codeFigure={true}
    language="html"
  >
    <script
      src="http://localhost/TEST/scripts/dg.js"
    />
  </ComponentPreview>
  <h3>
    How to initialize our JavaScript components
  </h3>
  <p>
    Our script runs 
    <CodeTags
      code="dg.script.initAll();"
      type="secondary"
    />
     on DOMContentLoaded making it so you have to run 
    <CodeTags
      code="dg.<component_name>.init();"
      type="secondary"
    />
     manually when a component is rendered after the event has fired.
  </p>
  <p>
    To initialize components use 
    <CodeTags
      code="dg.<component_name>.init();"
      type="secondary"
    />
    . If the function is called without arguments it will target all components with class 
    <CodeTags
      code="<component_name>"
      type="secondary"
    />
     on the page. Initializing only one component can be done by passing an ID, it must match an existing components ID and will print a warning message if the value is invalid.
  </p>
  <p>
    If only one component is initialized then the init function will return one object. If several components are initialized it will return an array of objects.
  </p>
  <ComponentPreview
    codeFigure={true}
    language="html"
    removeOuterTag={true}
  >
    dg.component.init();
    

    dg.component.init("demo-component-id");
  </ComponentPreview>
  <h3>
    Browser Support
  </h3>
  <div
    className="browser-support"
  >
    <div
      key="img/documentation/forDevelopers/chrome.png"
    >
      <img
        alt="Image of chrome"
        src="/TEST/img/documentation/forDevelopers/chrome.png"
      />
      <p>
        Yes
      </p>
    </div>
    <div
      key="img/documentation/forDevelopers/edge.png"
    >
      <img
        alt="Image of Edge"
        src="/TEST/img/documentation/forDevelopers/edge.png"
      />
      <p>
        Yes
      </p>
    </div>
    <div
      key="img/documentation/forDevelopers/internet-explorer.png"
    >
      <img
        alt="Image of Internet explorer"
        src="/TEST/img/documentation/forDevelopers/internet-explorer.png"
      />
      <p>
        11
      </p>
    </div>
    <div
      key="img/documentation/forDevelopers/firefox.png"
    >
      <img
        alt="Image of Firefox"
        src="/TEST/img/documentation/forDevelopers/firefox.png"
      />
      <p>
        Yes
      </p>
    </div>
    <div
      key="img/documentation/forDevelopers/opera.png"
    >
      <img
        alt="Image of Opera"
        src="/TEST/img/documentation/forDevelopers/opera.png"
      />
      <p>
        Yes
      </p>
    </div>
    <div
      key="img/documentation/forDevelopers/safari.png"
    >
      <img
        alt="Image of Safari"
        src="/TEST/img/documentation/forDevelopers/safari.png"
      />
      <p>
        Yes
      </p>
    </div>
  </div>
</section>
`;

exports[`GettingStarted: ForDevelopers renders 1`] = `
<DocContainer>
  <p
    className="lead mb-5"
  >
    To get you up and running with the Swedbank Pay Design Guide as quickly as possible, we have prepared this section showing you how to install it and what you will need to know in order to contribute to the project!
  </p>
  <Installation />
  <GridAndBreakpoints />
  <Contributing />
  <Feedback />
  <DiscoverMore />
</DocContainer>
`;
