// Jest Snapshot v1, https://goo.gl/fbAQLP

exports[`Utilities: Borders Overview renders 1`] = `
<Fragment>
  <h2
    id="overview"
  >
    Overview
  </h2>
  <p>
    <CodeTags
      code=".border"
      type="secondary"
    />
     sets a border around the entire element whilst the rest sets a border on the named side.
  </p>
  <ComponentPreview
    codeFigure={true}
    language="html"
    showCasePanel={true}
  >
    <div
      className="demo-square border"
    />
    <div
      className="demo-square border-top"
    />
    <div
      className="demo-square border-right"
    />
    <div
      className="demo-square border-bottom"
    />
    <div
      className="demo-square border-left"
    />
  </ComponentPreview>
</Fragment>
`;

exports[`Utilities: Borders renders 1`] = `
<DocContainer>
  <p
    className="lead"
  >
    Use our border utilities to set borders that suit your needs. Our borders are always 1px thick, solid and a light gray.
  </p>
  <Overview />
</DocContainer>
`;
