// Jest Snapshot v1, https://goo.gl/fbAQLP

exports[`Utilities: index renders 1`] = `
<div
  className="doc-container utilities-page"
>
  <span
    className="dg-current-version text-uppercase"
  >
    Design Guide - v. 
    10.7.3
  </span>
  <div
    className="d-flex align-items-center"
  >
    <h1>
      Utilities
    </h1>
    <StatusBadge
      type="new"
    />
  </div>
  <p
    className="lead"
  >
    The utility classes in our design system is based on Bootstrap. Here you can view the 
    <i>
      most
    </i>
     used and important classes.
  </p>
  <UtilitiesPresentation />
</div>
`;
