// Jest Snapshot v1, https://goo.gl/fbAQLP

exports[`Home: index renders 1`] = `
<div
  className="doc-container dg-front-page py-0"
>
  <FrontPage />
  <Changelog />
  <img
    className="background-img two-bubbles d-none d-xl-block"
    src="/TEST/img/background/two-bubbles.svg"
  />
  <img
    className="background-img single-bubble d-none d-xl-block"
    src="/TEST/img/background/single-bubble.svg"
  />
</div>
`;
