// Jest Snapshot v1, https://goo.gl/fbAQLP

exports[`Documentation: Steps Basic Steps renders 1`] = `
<Fragment>
  <h2
    id="basic-usage"
  >
    Basic usage
  </h2>
  <p>
    Add class 
    <code
      className="token property"
    >
      .steps
    </code>
     to an 
    <PrismCode
      className="language-html"
      component="code"
    >
      &lt;ol&gt;
    </PrismCode>
     element.
  </p>
  <ComponentPreview
    codeFigure={true}
    language="html"
    showCasePanel={true}
  >
    <Steps
      steps={
        Array [
          Object {
            "completed": true,
            "subtitle": "24.12.17 12:10",
            "title": "Step one",
          },
          Object {
            "ongoing": true,
            "selected": true,
            "title": "Step two",
          },
          Object {
            "title": "Step three",
          },
          Object {
            "title": "Step four",
          },
        ]
      }
    />
  </ComponentPreview>
</Fragment>
`;

exports[`Documentation: Steps Steps Text renders 1`] = `
<div
  className="col-12 col-lg-10 doc-body"
>
  <p
    className="lead"
  >
    Steps.
  </p>
  <BasicSteps />
  <VerticalSteps />
  <ClickableSteps />
</div>
`;

exports[`Documentation: Steps renders 1`] = `
<div
  className="doc-container"
>
  <div
    className="row"
  >
    <StepsText />
    <DocToc
      component={[Function]}
    />
  </div>
</div>
`;
